// Jest Snapshot v1, https://goo.gl/fbAQLP

exports[`Event Form Component renders a component that uses withRouter 1`] = `
<form
  class="ant-form ant-form-vertical"
>
  <h1>
    Add New Event
  </h1>
  <div
    class="ant-row"
    style="margin: -8px -8px 8px -8px;"
  >
    <div
      class="ant-col ant-col-12"
      style="padding: 8px 8px 8px 8px;"
    >
      <div
        class="ant-row ant-form-item"
      >
        <div
          class="ant-col ant-form-item-label"
        >
          <label
            class="ant-form-item-required"
            for="event_name"
            title="Event Name"
          >
            Event Name
          </label>
        </div>
        <div
          class="ant-col ant-form-item-control"
        >
          <div
            class="ant-form-item-control-input"
          >
            <div
              class="ant-form-item-control-input-content"
            >
              <input
                class="ant-input"
                id="event_name"
                placeholder="Enter event name"
                type="text"
                value=""
              />
            </div>
          </div>
        </div>
      </div>
    </div>
  </div>
  <div
    class="ant-row"
    style="margin: -8px -8px 8px -8px;"
  >
    <div
      class="ant-col ant-col-12"
      style="padding: 8px 8px 8px 8px;"
    >
      <div
        class="ant-row ant-form-item"
      >
        <div
          class="ant-col ant-form-item-label"
        >
          <label
            class="ant-form-item-required"
            for="event_type"
            title="Event Type"
          >
            Event Type
          </label>
        </div>
        <div
          class="ant-col ant-form-item-control"
        >
          <div
            class="ant-form-item-control-input"
          >
            <div
              class="ant-form-item-control-input-content"
            >
              <input
                class="ant-input"
                id="event_type"
                placeholder="Enter event type"
                type="text"
                value=""
              />
            </div>
          </div>
        </div>
      </div>
    </div>
    <div
      class="ant-col ant-col-12"
      style="padding: 8px 8px 8px 8px;"
    >
      <div
        class="ant-row ant-form-item"
      >
        <div
          class="ant-col ant-form-item-label"
        >
          <label
            class="ant-form-item-required"
            for="address"
            title="Address"
          >
            Address
          </label>
        </div>
        <div
          class="ant-col ant-form-item-control"
        >
          <div
            class="ant-form-item-control-input"
          >
            <div
              class="ant-form-item-control-input-content"
            >
              <input
                class="ant-input"
                id="address"
                placeholder="Enter street address"
                type="text"
                value=""
              />
            </div>
          </div>
        </div>
      </div>
    </div>
  </div>
  <div
    class="ant-row"
    style="margin: -8px -8px 8px -8px;"
  >
    <div
      class="ant-col"
      style="padding: 8px 8px 8px 8px;"
    >
      <div
        class="ant-row ant-form-item"
      >
        <div
          class="ant-col ant-form-item-label"
        >
          <label
            class=""
            for="address2"
            title="Address line 2"
          >
            Address line 2
          </label>
        </div>
        <div
          class="ant-col ant-form-item-control"
        >
          <div
            class="ant-form-item-control-input"
          >
            <div
              class="ant-form-item-control-input-content"
            >
              <input
                class="ant-input"
                id="address2"
                placeholder="Enter apartment, suite, etc"
                type="text"
                value=""
              />
            </div>
          </div>
        </div>
      </div>
    </div>
  </div>
  <div
    class="ant-row"
    style="margin: -8px -8px 8px -8px;"
  >
    <div
      class="ant-col ant-col-12"
      style="padding: 8px 8px 8px 8px;"
    >
      <div
        class="ant-row ant-form-item"
      >
        <div
          class="ant-col ant-form-item-label"
        >
          <label
            class="ant-form-item-required"
            for="city"
            title="City"
          >
            City
          </label>
        </div>
        <div
          class="ant-col ant-form-item-control"
        >
          <div
            class="ant-form-item-control-input"
          >
            <div
              class="ant-form-item-control-input-content"
            >
              <input
                class="ant-input"
                id="city"
                placeholder="Enter city"
                type="text"
                value=""
              />
            </div>
          </div>
        </div>
      </div>
    </div>
    <div
      class="ant-col ant-col-12"
      style="padding: 8px 8px 8px 8px;"
    >
      <div
        class="ant-row ant-form-item"
      >
        <div
          class="ant-col ant-form-item-label"
        >
          <label
            class="ant-form-item-required"
            for="state"
            title="State"
          >
            State
          </label>
        </div>
        <div
          class="ant-col ant-form-item-control"
        >
          <div
            class="ant-form-item-control-input"
          >
            <div
              class="ant-form-item-control-input-content"
            >
              <input
                class="ant-input"
                id="state"
                placeholder="Enter state"
                type="text"
                value=""
              />
            </div>
          </div>
        </div>
      </div>
    </div>
  </div>
  <div
    class="ant-row"
    style="margin: -8px -8px 8px -8px;"
  >
    <div
      class="ant-col ant-col-6"
      style="padding: 8px 8px 8px 8px;"
    >
      <div
        class="ant-row ant-form-item"
      >
        <div
          class="ant-col ant-form-item-label"
        >
          <label
            class="ant-form-item-required"
            for="zip"
            title="Zip code"
          >
            Zip code
          </label>
        </div>
        <div
          class="ant-col ant-form-item-control"
        >
          <div
            class="ant-form-item-control-input"
          >
            <div
              class="ant-form-item-control-input-content"
            >
              <input
                class="ant-input"
                id="zip"
                placeholder="Enter zip code"
                type="text"
                value=""
              />
            </div>
          </div>
        </div>
      </div>
    </div>
    <div
      class="ant-col ant-col-6"
      style="padding: 8px 8px 8px 8px;"
    >
      <div
        class="ant-row ant-form-item"
      >
        <div
          class="ant-col ant-form-item-label"
        >
          <label
            class="ant-form-item-required"
            for="event_description"
            title="Event Description"
          >
            Event Description
          </label>
        </div>
        <div
          class="ant-col ant-form-item-control"
        >
          <div
            class="ant-form-item-control-input"
          >
            <div
              class="ant-form-item-control-input-content"
            >
              <input
                class="ant-input"
                id="event_description"
                placeholder="Enter event description"
                type="text"
                value=""
              />
            </div>
          </div>
        </div>
      </div>
    </div>
    <div
      class="ant-col ant-col-12"
      style="padding: 8px 8px 8px 8px;"
    />
  </div>
  <div
    class="ant-row"
  >
    <div
      class="ant-row ant-form-item"
    >
      <div
        class="ant-col ant-form-item-label"
      >
        <label
          class=""
          for="max_capacity"
          title="Max Capacity"
        >
          Max Capacity
        </label>
      </div>
      <div
        class="ant-col ant-form-item-control"
      >
        <div
          class="ant-form-item-control-input"
        >
          <div
            class="ant-form-item-control-input-content"
          >
            <input
              class="ant-input"
              id="max_capacity"
              placeholder="Max Capacity"
              type="number"
              value=""
            />
          </div>
        </div>
      </div>
    </div>
    <div
      class="ant-row ant-form-item"
    >
      <div
        class="ant-col ant-form-item-label"
      >
        <label
          class=""
          for="min_capacity"
          title="Minimum Capacity"
        >
          Minimum Capacity
        </label>
      </div>
      <div
        class="ant-col ant-form-item-control"
      >
        <div
          class="ant-form-item-control-input"
        >
          <div
            class="ant-form-item-control-input-content"
          >
            <input
              class="ant-input"
              id="min_capacity"
              placeholder="Minimum Capacity"
              type="number"
              value=""
            />
          </div>
        </div>
      </div>
    </div>
  </div>
  <div
    class="ant-row"
  >
    <div
      class="ant-row ant-form-item"
    >
      <div
        class="ant-col ant-form-item-label"
      >
        <label
          class=""
          for="min_income"
          title="Minimum Income"
        >
          Minimum Income
        </label>
      </div>
      <div
        class="ant-col ant-form-item-control"
      >
        <div
          class="ant-form-item-control-input"
        >
          <div
            class="ant-form-item-control-input-content"
          >
            <input
              class="ant-input"
              id="min_income"
              placeholder="Minimum Income"
              type="number"
              value=""
            />
          </div>
        </div>
      </div>
    </div>
    <div
      class="ant-row ant-form-item"
    >
      <div
        class="ant-col ant-form-item-label"
      >
        <label
          class=""
          for="deposit_amount"
          title="Deposit Income"
        >
          Deposit Income
        </label>
      </div>
      <div
        class="ant-col ant-form-item-control"
      >
        <div
          class="ant-form-item-control-input"
        >
          <div
            class="ant-form-item-control-input-content"
          >
            <input
              class="ant-input"
              id="deposit_amount"
              placeholder="Deposit Income"
              type="number"
              value=""
            />
          </div>
        </div>
      </div>
    </div>
  </div>
  <div
    class="ant-row"
  >
    <div
      class="ant-col ant-col-5"
    >
      <div
        class="ant-row ant-form-item"
      >
        <div
          class="ant-col ant-form-item-label"
        >
          <label
            class=""
            for="smoking_allowed"
            title="Smoking Allowed"
          >
            Smoking Allowed
          </label>
        </div>
        <div
          class="ant-col ant-form-item-control"
        >
          <div
            class="ant-form-item-control-input"
          >
            <div
              class="ant-form-item-control-input-content"
            >
              <div
                class="ant-radio-group ant-radio-group-outline"
              >
                <label
                  class="ant-radio-wrapper"
                >
                  <span
                    class="ant-radio"
                  >
                    <input
                      class="ant-radio-input"
                      data-testid="smoking_allowed"
                      name="smoking_allowed"
                      type="radio"
                      value="false"
                    />
                    <span
                      class="ant-radio-inner"
                    />
                  </span>
                  <span>
                    No
                  </span>
                </label>
                <label
                  class="ant-radio-wrapper"
                >
                  <span
                    class="ant-radio"
                  >
                    <input
                      class="ant-radio-input"
                      name="smoking_allowed"
                      type="radio"
                      value="true"
                    />
                    <span
                      class="ant-radio-inner"
                    />
                  </span>
                  <span>
                    Yes
                  </span>
                </label>
              </div>
            </div>
          </div>
        </div>
      </div>
    </div>
    <div
      class="ant-col ant-col-5"
    >
      <div
        class="ant-row ant-form-item"
      >
        <div
          class="ant-col ant-form-item-label"
        >
          <label
            class=""
            for="under21_allowed"
            title="Under 21 Allowed"
          >
            Under 21 Allowed
          </label>
        </div>
        <div
          class="ant-col ant-form-item-control"
        >
          <div
            class="ant-form-item-control-input"
          >
            <div
              class="ant-form-item-control-input-content"
            >
              <div
                class="ant-radio-group ant-radio-group-outline"
              >
                <label
                  class="ant-radio-wrapper"
                >
                  <span
                    class="ant-radio"
                  >
                    <input
                      class="ant-radio-input"
                      data-testid="under21_allowed"
                      name="under21_allowed"
                      type="radio"
                      value="false"
                    />
                    <span
                      class="ant-radio-inner"
                    />
                  </span>
                  <span>
                    No
                  </span>
                </label>
                <label
                  class="ant-radio-wrapper"
                >
                  <span
                    class="ant-radio"
                  >
                    <input
                      class="ant-radio-input"
                      name="under21_allowed"
                      type="radio"
                      value="true"
                    />
                    <span
                      class="ant-radio-inner"
                    />
                  </span>
                  <span>
                    Yes
                  </span>
                </label>
              </div>
            </div>
          </div>
        </div>
      </div>
    </div>
    <div
      class="ant-col ant-col-5"
    >
      <div
        class="ant-row ant-form-item"
      >
        <div
          class="ant-col ant-form-item-label"
        >
          <label
            class=""
            for="under18_allowed"
            title="Under 18 Allowed"
          >
            Under 18 Allowed
          </label>
        </div>
        <div
          class="ant-col ant-form-item-control"
        >
          <div
            class="ant-form-item-control-input"
          >
            <div
              class="ant-form-item-control-input-content"
            >
              <div
                class="ant-radio-group ant-radio-group-outline"
              >
                <label
                  class="ant-radio-wrapper"
                >
                  <span
                    class="ant-radio"
                  >
                    <input
                      class="ant-radio-input"
                      data-testid="under18_allowed"
                      name="under18_allowed"
                      type="radio"
                      value="false"
                    />
                    <span
                      class="ant-radio-inner"
                    />
                  </span>
                  <span>
                    No
                  </span>
                </label>
                <label
                  class="ant-radio-wrapper"
                >
                  <span
                    class="ant-radio"
                  >
                    <input
                      class="ant-radio-input"
                      name="under18_allowed"
                      type="radio"
                      value="true"
                    />
                    <span
                      class="ant-radio-inner"
                    />
                  </span>
                  <span>
                    Yes
                  </span>
                </label>
              </div>
            </div>
          </div>
        </div>
      </div>
    </div>
    <div
      class="ant-col ant-col-5"
    >
      <div
        class="ant-row ant-form-item"
      >
        <div
          class="ant-col ant-form-item-label"
        >
          <label
            class=""
            for="wheelchair_accessible"
            title="Wheelchair Accessible"
          >
            Wheelchair Accessible
          </label>
        </div>
        <div
          class="ant-col ant-form-item-control"
        >
          <div
            class="ant-form-item-control-input"
          >
            <div
              class="ant-form-item-control-input-content"
            >
              <div
                class="ant-radio-group ant-radio-group-outline"
              >
                <label
                  class="ant-radio-wrapper"
                >
                  <span
                    class="ant-radio"
                  >
                    <input
                      class="ant-radio-input"
                      data-testid="wheelchair_accessible"
                      name="wheelchair_accessible"
                      type="radio"
                      value="false"
                    />
                    <span
                      class="ant-radio-inner"
                    />
                  </span>
                  <span>
                    No
                  </span>
                </label>
                <label
                  class="ant-radio-wrapper"
                >
                  <span
                    class="ant-radio"
                  >
                    <input
                      class="ant-radio-input"
                      name="wheelchair_accessible"
                      type="radio"
                      value="true"
                    />
                    <span
                      class="ant-radio-inner"
                    />
                  </span>
                  <span>
                    Yes
                  </span>
                </label>
              </div>
            </div>
          </div>
        </div>
      </div>
    </div>
  </div>
  <div
    class="ant-row"
  >
    <div
      class="ant-row ant-form-item"
    >
      <div
        class="ant-col ant-form-item-label"
      >
        <label
          class=""
          for="tickets_sold"
          title="Tickets Sold"
        >
          Tickets Sold
        </label>
      </div>
      <div
        class="ant-col ant-form-item-control"
      >
        <div
          class="ant-form-item-control-input"
        >
          <div
            class="ant-form-item-control-input-content"
          >
            <input
              class="ant-input"
              id="tickets_sold"
              placeholder="Tickets Sold"
              type="number"
              value=""
            />
          </div>
        </div>
      </div>
    </div>
  </div>
  <div
    class="ant-row"
  >
    <div
      class="ant-col ant-col-6"
    >
      <div
        class="ant-row ant-form-item"
      >
        <div
          class="ant-col ant-form-item-label"
        >
          <label
            class=""
            for="alcohol_beer_served"
            title="Alcohol Beer Served"
          >
            Alcohol Beer Served
          </label>
        </div>
        <div
          class="ant-col ant-form-item-control"
        >
          <div
            class="ant-form-item-control-input"
          >
            <div
              class="ant-form-item-control-input-content"
            >
              <div
                class="ant-radio-group ant-radio-group-outline"
              >
                <label
                  class="ant-radio-wrapper"
                >
                  <span
                    class="ant-radio"
                  >
                    <input
                      class="ant-radio-input"
                      data-testid="alcohol_beer_served"
                      name="alcohol_beer_served"
                      type="radio"
                      value="false"
                    />
                    <span
                      class="ant-radio-inner"
                    />
                  </span>
                  <span>
                    No
                  </span>
                </label>
                <label
                  class="ant-radio-wrapper"
                >
                  <span
                    class="ant-radio"
                  >
                    <input
                      class="ant-radio-input"
                      name="alcohol_beer_served"
                      type="radio"
                      value="true"
                    />
                    <span
                      class="ant-radio-inner"
                    />
                  </span>
                  <span>
                    Yes
                  </span>
                </label>
              </div>
            </div>
          </div>
        </div>
      </div>
    </div>
    <div
      class="ant-col ant-col-6"
    >
      <div
        class="ant-row ant-form-item"
      >
        <div
          class="ant-col ant-form-item-label"
        >
          <label
            class=""
            for="alcohol_wine_served"
            title="Alcohol Wine Served"
          >
            Alcohol Wine Served
          </label>
        </div>
        <div
          class="ant-col ant-form-item-control"
        >
          <div
            class="ant-form-item-control-input"
          >
            <div
              class="ant-form-item-control-input-content"
            >
              <div
                class="ant-radio-group ant-radio-group-outline"
              >
                <label
                  class="ant-radio-wrapper"
                >
                  <span
                    class="ant-radio"
                  >
                    <input
                      class="ant-radio-input"
                      data-testid="alcohol_wine_served"
                      name="alcohol_wine_served"
                      type="radio"
                      value="false"
                    />
                    <span
                      class="ant-radio-inner"
                    />
                  </span>
                  <span>
                    No
                  </span>
                </label>
                <label
                  class="ant-radio-wrapper"
                >
                  <span
                    class="ant-radio"
                  >
                    <input
                      class="ant-radio-input"
                      name="alcohol_wine_served"
                      type="radio"
                      value="true"
                    />
                    <span
                      class="ant-radio-inner"
                    />
                  </span>
                  <span>
                    Yes
                  </span>
                </label>
              </div>
            </div>
          </div>
        </div>
      </div>
    </div>
    <div
      class="ant-col ant-col-6"
    >
      <div
        class="ant-row ant-form-item"
      >
        <div
          class="ant-col ant-form-item-label"
        >
          <label
            class=""
            for="alcohol_spirits_served"
            title="Alcohol Spirits Served"
          >
            Alcohol Spirits Served
          </label>
        </div>
        <div
          class="ant-col ant-form-item-control"
        >
          <div
            class="ant-form-item-control-input"
          >
            <div
              class="ant-form-item-control-input-content"
            >
              <div
                class="ant-radio-group ant-radio-group-outline"
              >
                <label
                  class="ant-radio-wrapper"
                >
                  <span
                    class="ant-radio"
                  >
                    <input
                      class="ant-radio-input"
                      data-testid="alcohol_spirits_served"
                      name="alcohol_spirits_served"
                      type="radio"
                      value="false"
                    />
                    <span
                      class="ant-radio-inner"
                    />
                  </span>
                  <span>
                    No
                  </span>
                </label>
                <label
                  class="ant-radio-wrapper"
                >
                  <span
                    class="ant-radio"
                  >
                    <input
                      class="ant-radio-input"
                      name="alcohol_spirits_served"
                      type="radio"
                      value="true"
                    />
                    <span
                      class="ant-radio-inner"
                    />
                  </span>
                  <span>
                    Yes
                  </span>
                </label>
              </div>
            </div>
          </div>
        </div>
      </div>
    </div>
    <div
      class="ant-col ant-col-6"
    >
      <div
        class="ant-row ant-form-item"
      >
        <div
          class="ant-col ant-form-item-label"
        >
          <label
            class=""
            for="food_served"
            title="Food Served"
          >
            Food Served
          </label>
        </div>
        <div
          class="ant-col ant-form-item-control"
        >
          <div
            class="ant-form-item-control-input"
          >
            <div
              class="ant-form-item-control-input-content"
            >
              <div
                class="ant-radio-group ant-radio-group-outline"
              >
                <label
                  class="ant-radio-wrapper"
                >
                  <span
                    class="ant-radio"
                  >
                    <input
                      class="ant-radio-input"
                      data-testid="food_served"
                      name="food_served"
                      type="radio"
                      value="false"
                    />
                    <span
                      class="ant-radio-inner"
                    />
                  </span>
                  <span>
                    No
                  </span>
                </label>
                <label
                  class="ant-radio-wrapper"
                >
                  <span
                    class="ant-radio"
                  >
                    <input
                      class="ant-radio-input"
                      name="food_served"
                      type="radio"
                      value="true"
                    />
                    <span
                      class="ant-radio-inner"
                    />
                  </span>
                  <span>
                    Yes
                  </span>
                </label>
              </div>
            </div>
          </div>
        </div>
      </div>
    </div>
  </div>
  <div
    class="ant-row"
  >
    <div
      class="ant-row ant-form-item"
    >
      <div
        class="ant-col ant-form-item-label"
      >
        <label
          class=""
          for="setup_costs"
          title="Setup Costs"
        >
          Setup Costs
        </label>
      </div>
      <div
        class="ant-col ant-form-item-control"
      >
        <div
          class="ant-form-item-control-input"
        >
          <div
            class="ant-form-item-control-input-content"
          >
            <input
              class="ant-input"
              id="setup_costs"
              placeholder="Setup Costs"
              type="number"
              value=""
            />
          </div>
        </div>
      </div>
    </div>
    <div
      class="ant-row ant-form-item"
    >
      <div
        class="ant-col ant-form-item-label"
      >
        <label
          class=""
          for="talent_costs"
          title="Talent Costs"
        >
          Talent Costs
        </label>
      </div>
      <div
        class="ant-col ant-form-item-control"
      >
        <div
          class="ant-form-item-control-input"
        >
          <div
            class="ant-form-item-control-input-content"
          >
            <input
              class="ant-input"
              id="talent_costs"
              placeholder="Talent Costs"
              type="number"
              value=""
            />
          </div>
        </div>
      </div>
    </div>
  </div>
  <div
    class="ant-row"
  >
    <div
      class="ant-row ant-form-item"
    >
      <div
        class="ant-col ant-form-item-label"
      >
        <label
          class=""
          for="opening_time"
          title="Opening Time"
        >
          Opening Time
        </label>
      </div>
      <div
        class="ant-col ant-form-item-control"
      >
        <div
          class="ant-form-item-control-input"
        >
          <div
            class="ant-form-item-control-input-content"
          >
            <input
              class="ant-input"
              id="opening_time"
              placeholder="Opening Time"
              type="text"
              value=""
            />
          </div>
        </div>
      </div>
    </div>
    <div
      class="ant-row ant-form-item"
    >
      <div
        class="ant-col ant-form-item-label"
      >
        <label
          class=""
          for="closing_time"
          title="Closing Time"
        >
          Closing Time
        </label>
      </div>
      <div
        class="ant-col ant-form-item-control"
      >
        <div
          class="ant-form-item-control-input"
        >
          <div
            class="ant-form-item-control-input-content"
          >
            <input
              class="ant-input"
              id="closing_time"
              placeholder="Closing Time"
              type="text"
              value=""
            />
          </div>
        </div>
      </div>
    </div>
  </div>
  <div
    class="ant-row"
  >
    <div
      class="ant-row ant-form-item"
    >
      <div
        class="ant-col ant-form-item-label"
      >
        <label
          class="ant-form-item-required"
          for="event_date"
          title="Event Date"
        >
          Event Date
        </label>
      </div>
      <div
        class="ant-col ant-form-item-control"
      >
        <div
          class="ant-form-item-control-input"
        >
          <div
            class="ant-form-item-control-input-content"
          >
            <div
              class="ant-picker"
            >
              <div
                class="ant-picker-input"
              >
                <input
                  aria-label="Event Date"
                  placeholder="Select date"
                  readonly=""
                  size="12"
                  title=""
                  value=""
                />
                <span
                  class="ant-picker-suffix"
                >
                  <span
                    aria-label="calendar"
                    class="anticon anticon-calendar"
                    role="img"
                  >
                    <svg
                      aria-hidden="true"
                      class=""
                      data-icon="calendar"
                      fill="currentColor"
                      focusable="false"
                      height="1em"
                      viewBox="64 64 896 896"
                      width="1em"
                    >
                      <path
                        d="M880 184H712v-64c0-4.4-3.6-8-8-8h-56c-4.4 0-8 3.6-8 8v64H384v-64c0-4.4-3.6-8-8-8h-56c-4.4 0-8 3.6-8 8v64H144c-17.7 0-32 14.3-32 32v664c0 17.7 14.3 32 32 32h736c17.7 0 32-14.3 32-32V216c0-17.7-14.3-32-32-32zm-40 656H184V460h656v380zM184 392V256h128v48c0 4.4 3.6 8 8 8h56c4.4 0 8-3.6 8-8v-48h256v48c0 4.4 3.6 8 8 8h56c4.4 0 8-3.6 8-8v-48h128v136H184z"
                      />
                    </svg>
                  </span>
                </span>
              </div>
            </div>
          </div>
        </div>
      </div>
    </div>
    <div
      class="ant-col ant-col-6"
    >
      <div
        class="ant-row ant-form-item"
      >
        <div
          class="ant-col ant-form-item-label"
        >
          <label
            class=""
            for="smoking_allowed"
            title="TabC Certified"
          >
            TabC Certified
          </label>
        </div>
        <div
          class="ant-col ant-form-item-control"
        >
          <div
            class="ant-form-item-control-input"
          >
            <div
              class="ant-form-item-control-input-content"
            >
              <div
                class="ant-radio-group ant-radio-group-outline"
              >
                <label
                  class="ant-radio-wrapper"
                >
                  <span
                    class="ant-radio"
                  >
                    <input
                      class="ant-radio-input"
                      data-testid="smoking_allowed"
                      name="smoking_allowed"
                      type="radio"
                      value="false"
                    />
                    <span
                      class="ant-radio-inner"
                    />
                  </span>
                  <span>
                    No
                  </span>
                </label>
                <label
                  class="ant-radio-wrapper"
                >
                  <span
                    class="ant-radio"
                  >
                    <input
                      class="ant-radio-input"
                      name="smoking_allowed"
                      type="radio"
                      value="true"
                    />
                    <span
                      class="ant-radio-inner"
                    />
                  </span>
                  <span>
                    Yes
                  </span>
                </label>
              </div>
            </div>
          </div>
        </div>
      </div>
    </div>
  </div>
  <div
    class="ant-row"
  >
    <div
      class="ant-col ant-col-6"
    >
      <div
        class="ant-row ant-form-item"
      >
        <div
          class="ant-col ant-form-item-label"
        >
          <label
            class=""
            for="indoor_event"
            title="Indoor Event"
          >
            Indoor Event
          </label>
        </div>
        <div
          class="ant-col ant-form-item-control"
        >
          <div
            class="ant-form-item-control-input"
          >
            <div
              class="ant-form-item-control-input-content"
            >
              <div
                class="ant-radio-group ant-radio-group-outline"
              >
                <label
                  class="ant-radio-wrapper"
                >
                  <span
                    class="ant-radio"
                  >
                    <input
                      class="ant-radio-input"
                      data-testid="indoor_event"
                      name="indoor_event"
                      type="radio"
                      value="false"
                    />
                    <span
                      class="ant-radio-inner"
                    />
                  </span>
                  <span>
                    No
                  </span>
                </label>
                <label
                  class="ant-radio-wrapper"
                >
                  <span
                    class="ant-radio"
                  >
                    <input
                      class="ant-radio-input"
                      name="indoor_event"
                      type="radio"
                      value="true"
                    />
                    <span
                      class="ant-radio-inner"
                    />
                  </span>
                  <span>
                    Yes
                  </span>
                </label>
              </div>
            </div>
          </div>
        </div>
      </div>
    </div>
    <div
      class="ant-col ant-col-6"
    >
      <div
        class="ant-row ant-form-item"
      >
        <div
          class="ant-col ant-form-item-label"
        >
          <label
            class=""
            for="outdoor_event"
            title="Outdoor Event"
          >
            Outdoor Event
          </label>
        </div>
        <div
          class="ant-col ant-form-item-control"
        >
          <div
            class="ant-form-item-control-input"
          >
            <div
              class="ant-form-item-control-input-content"
            >
              <div
                class="ant-radio-group ant-radio-group-outline"
              >
                <label
                  class="ant-radio-wrapper"
                >
                  <span
                    class="ant-radio"
                  >
                    <input
                      class="ant-radio-input"
                      data-testid="outdoor_event"
                      name="outdoor_event"
                      type="radio"
                      value="false"
                    />
                    <span
                      class="ant-radio-inner"
                    />
                  </span>
                  <span>
                    No
                  </span>
                </label>
                <label
                  class="ant-radio-wrapper"
                >
                  <span
                    class="ant-radio"
                  >
                    <input
                      class="ant-radio-input"
                      name="outdoor_event"
                      type="radio"
                      value="true"
                    />
                    <span
                      class="ant-radio-inner"
                    />
                  </span>
                  <span>
                    Yes
                  </span>
                </label>
              </div>
            </div>
          </div>
        </div>
      </div>
    </div>
  </div>
  <div
    class="ant-row"
  >
    <div
      class="ant-col ant-col-6"
    >
      <div
        class="ant-row ant-form-item"
      >
        <div
          class="ant-col ant-form-item-label"
        >
          <label
            class=""
            for="parking_lot_available"
            title="Parking Lot Available"
          >
            Parking Lot Available
          </label>
        </div>
        <div
          class="ant-col ant-form-item-control"
        >
          <div
            class="ant-form-item-control-input"
          >
            <div
              class="ant-form-item-control-input-content"
            >
              <div
                class="ant-radio-group ant-radio-group-outline"
              >
                <label
                  class="ant-radio-wrapper"
                >
                  <span
                    class="ant-radio"
                  >
                    <input
                      class="ant-radio-input"
                      data-testid="parking_lot_available"
                      name="parking_lot_available"
                      type="radio"
                      value="false"
                    />
                    <span
                      class="ant-radio-inner"
                    />
                  </span>
                  <span>
                    No
                  </span>
                </label>
                <label
                  class="ant-radio-wrapper"
                >
                  <span
                    class="ant-radio"
                  >
                    <input
                      class="ant-radio-input"
                      name="parking_lot_available"
                      type="radio"
                      value="true"
                    />
                    <span
                      class="ant-radio-inner"
                    />
                  </span>
                  <span>
                    Yes
                  </span>
                </label>
              </div>
            </div>
          </div>
        </div>
      </div>
    </div>
    <div
      class="ant-col ant-col-6"
    >
      <div
        class="ant-row ant-form-item"
      >
        <div
          class="ant-col ant-form-item-label"
        >
          <label
            class=""
            for="parking_max_capacity"
            title="Parking Max Capacity"
          >
            Parking Max Capacity
          </label>
        </div>
        <div
          class="ant-col ant-form-item-control"
        >
          <div
            class="ant-form-item-control-input"
          >
            <div
              class="ant-form-item-control-input-content"
            >
              <input
                class="ant-input"
                id="parking_max_capacity"
                placeholder="Max Capacity"
                type="number"
                value=""
              />
            </div>
          </div>
        </div>
      </div>
    </div>
  </div>
  <div
    class="ant-row"
  >
    <div
      class="ant-row ant-form-item"
    >
      <div
        class="ant-col ant-form-item-label"
      >
        <label
          class=""
          for="sales_gross"
          title="Sales Gross"
        >
          Sales Gross
        </label>
      </div>
      <div
        class="ant-col ant-form-item-control"
      >
        <div
          class="ant-form-item-control-input"
        >
          <div
            class="ant-form-item-control-input-content"
          >
            <input
              class="ant-input"
              id="sales_gross"
              placeholder="Sales Gross"
              type="number"
              value=""
            />
          </div>
        </div>
      </div>
    </div>
    <div
      class="ant-row ant-form-item"
    >
      <div
        class="ant-col ant-form-item-label"
      >
        <label
          class=""
          for="sales_net"
          title="Sales Net"
        >
          Sales Net
        </label>
      </div>
      <div
        class="ant-col ant-form-item-control"
      >
        <div
          class="ant-form-item-control-input"
        >
          <div
            class="ant-form-item-control-input-content"
          >
            <input
              class="ant-input"
              id="sales_net"
              placeholder="Sales Net"
              type="number"
              value=""
            />
          </div>
        </div>
      </div>
    </div>
  </div>
  <div
    class="ant-row ant-form-item"
  >
    <div
      class="ant-col ant-form-item-control"
    >
      <div
        class="ant-form-item-control-input"
      >
        <div
          class="ant-form-item-control-input-content"
        >
          <button
            class="ant-btn ant-btn-primary"
            type="submit"
          >
            <span>
              Submit
            </span>
          </button>
        </div>
      </div>
    </div>
  </div>
</form>
`;
