// Jest Snapshot v1, https://goo.gl/fbAQLP

exports[`People Form Component renders a component that uses withRouter 1`] = `
<form
  class="ant-form ant-form-vertical"
  data-testid="form"
>
  <h1>
    Add New Profile
  </h1>
  <div
    class="ant-row"
    style="margin: -8px -8px 8px -8px;"
  >
    <div
      class="ant-col ant-col-12"
      style="padding: 8px 8px 8px 8px;"
    >
      <div
        class="ant-row ant-form-item"
      >
        <div
          class="ant-col ant-form-item-label"
        >
          <label
            class="ant-form-item-required"
            for="first_name"
            title="First Name"
          >
            First Name
          </label>
        </div>
        <div
          class="ant-col ant-form-item-control"
        >
          <div
            class="ant-form-item-control-input"
          >
            <div
              class="ant-form-item-control-input-content"
            >
              <input
                class="ant-input"
                id="first_name"
                placeholder="Enter first name"
                type="text"
                value=""
              />
            </div>
          </div>
        </div>
      </div>
    </div>
    <div
      class="ant-col ant-col-12"
      style="padding: 8px 8px 8px 8px;"
    >
      <div
        class="ant-row ant-form-item"
      >
        <div
          class="ant-col ant-form-item-label"
        >
          <label
            class="ant-form-item-required"
            for="last_name"
            title="Last Name"
          >
            Last Name
          </label>
        </div>
        <div
          class="ant-col ant-form-item-control"
        >
          <div
            class="ant-form-item-control-input"
          >
            <div
              class="ant-form-item-control-input-content"
            >
              <input
                class="ant-input"
                id="last_name"
                placeholder="Enter last name"
                type="text"
                value=""
              />
            </div>
          </div>
        </div>
      </div>
    </div>
  </div>
  <div
    class="ant-row"
    style="margin: -8px -8px 8px -8px;"
  >
    <div
      class="ant-col ant-col-12"
      style="padding: 8px 8px 8px 8px;"
    >
      <div
        class="ant-row ant-form-item"
      >
        <div
          class="ant-col ant-form-item-label"
        >
          <label
            class="ant-form-item-required"
            for="email"
            title="Email"
          >
            Email
          </label>
        </div>
        <div
          class="ant-col ant-form-item-control"
        >
          <div
            class="ant-form-item-control-input"
          >
            <div
              class="ant-form-item-control-input-content"
            >
              <input
                class="ant-input"
                id="email"
                placeholder="Enter email address"
                type="email"
                value=""
              />
            </div>
          </div>
        </div>
      </div>
    </div>
    <div
      class="ant-col ant-col-12"
      style="padding: 8px 8px 8px 8px;"
    >
      <div
        class="ant-row ant-form-item"
      >
        <div
          class="ant-col ant-form-item-label"
        >
          <label
            class=""
            for="phone"
            title="Phone number"
          >
            Phone number
          </label>
        </div>
        <div
          class="ant-col ant-form-item-control"
        >
          <div
            class="ant-form-item-control-input"
          >
            <div
              class="ant-form-item-control-input-content"
            >
              <input
                class="ant-input"
                id="phone"
                placeholder="Enter phone number"
                type="text"
                value=""
              />
            </div>
          </div>
        </div>
      </div>
    </div>
  </div>
  <div
    class="ant-row"
    style="margin: -8px -8px 8px -8px;"
  >
    <div
      class="ant-col"
      style="padding: 8px 8px 8px 8px;"
    >
      <div
        class="ant-row ant-form-item"
      >
        <div
          class="ant-col ant-form-item-label"
        >
          <label
            class=""
            for="address"
            title="Address"
          >
            Address
          </label>
        </div>
        <div
          class="ant-col ant-form-item-control"
        >
          <div
            class="ant-form-item-control-input"
          >
            <div
              class="ant-form-item-control-input-content"
            >
              <input
                class="ant-input"
                id="address"
                placeholder="Enter street address"
                type="text"
                value=""
              />
            </div>
          </div>
        </div>
      </div>
    </div>
  </div>
  <div
    class="ant-row"
    style="margin: -8px -8px 8px -8px;"
  >
    <div
      class="ant-col ant-col-12"
      style="padding: 8px 8px 8px 8px;"
    >
      <div
        class="ant-row ant-form-item"
      >
        <div
          class="ant-col ant-form-item-label"
        >
          <label
            class=""
            for="address2"
            title="Address line 2 (optional)"
          >
            Address line 2 (optional)
          </label>
        </div>
        <div
          class="ant-col ant-form-item-control"
        >
          <div
            class="ant-form-item-control-input"
          >
            <div
              class="ant-form-item-control-input-content"
            >
              <input
                class="ant-input"
                id="address2"
                placeholder="Enter apartment, suite, etc"
                type="text"
                value=""
              />
            </div>
          </div>
        </div>
      </div>
    </div>
    <div
      class="ant-col ant-col-12"
      style="padding: 8px 8px 8px 8px;"
    >
      <div
        class="ant-row ant-form-item"
      >
        <div
          class="ant-col ant-form-item-label"
        >
          <label
            class=""
            for="city"
            title="City"
          >
            City
          </label>
        </div>
        <div
          class="ant-col ant-form-item-control"
        >
          <div
            class="ant-form-item-control-input"
          >
            <div
              class="ant-form-item-control-input-content"
            >
              <input
                class="ant-input"
                id="city"
                placeholder="Enter city"
                type="text"
                value=""
              />
            </div>
          </div>
        </div>
      </div>
    </div>
  </div>
  <div
    class="ant-row"
    style="margin: -8px -8px 8px -8px;"
  >
    <div
      class="ant-col ant-col-6"
      style="padding: 8px 8px 8px 8px;"
    >
      <div
        class="ant-row ant-form-item"
      >
        <div
          class="ant-col ant-form-item-label"
        >
          <label
            class=""
            for="state"
            title="State"
          >
            State
          </label>
        </div>
        <div
          class="ant-col ant-form-item-control"
        >
          <div
            class="ant-form-item-control-input"
          >
            <div
              class="ant-form-item-control-input-content"
            >
              <input
                class="ant-input"
                id="state"
                placeholder="Enter state"
                type="text"
                value=""
              />
            </div>
          </div>
        </div>
      </div>
    </div>
    <div
      class="ant-col ant-col-6"
      style="padding: 8px 8px 8px 8px;"
    >
      <div
        class="ant-row ant-form-item"
      >
        <div
          class="ant-col ant-form-item-label"
        >
          <label
            class="ant-form-item-required"
            for="zip"
            title="Zip code"
          >
            Zip code
          </label>
        </div>
        <div
          class="ant-col ant-form-item-control"
        >
          <div
            class="ant-form-item-control-input"
          >
            <div
              class="ant-form-item-control-input-content"
            >
              <input
                class="ant-input"
                id="zip"
                placeholder="Enter zip code"
                type="text"
                value=""
              />
            </div>
          </div>
        </div>
      </div>
    </div>
    <div
      class="ant-col ant-col-12"
      style="padding: 8px 8px 8px 8px;"
    />
  </div>
  <div
    class="ant-row ant-form-item"
  >
    <div
      class="ant-col ant-form-item-control"
    >
      <div
        class="ant-form-item-control-input"
      >
        <div
          class="ant-form-item-control-input-content"
        >
          <button
            class="ant-btn ant-btn-primary"
            type="submit"
          >
            <span>
              Submit
            </span>
          </button>
        </div>
      </div>
    </div>
  </div>
</form>
`;
